src/config/data-source.ts(1,28): error TS2307: Cannot find module 'typeorm' or its corresponding type declarations.
src/config/redis.ts(1,47): error TS2307: Cannot find module 'redis' or its corresponding type declarations.
src/entities/Task.entity.ts(10,8): error TS2307: Cannot find module 'typeorm' or its corresponding type declarations.
src/entities/Task.entity.ts(42,29): error TS7006: Parameter 'user' implicitly has an 'any' type.
src/entities/User.entity.ts(9,8): error TS2307: Cannot find module 'typeorm' or its corresponding type declarations.
src/entities/User.entity.ts(39,29): error TS7006: Parameter 'task' implicitly has an 'any' type.
src/modules/auth/auth.controller.ts(3,26): error TS2307: Cannot find module 'class-validator' or its corresponding type declarations.
src/modules/auth/auth.controller.ts(4,33): error TS2307: Cannot find module 'class-transformer' or its corresponding type declarations.
src/modules/auth/auth.types.ts(1,58): error TS2307: Cannot find module 'class-validator' or its corresponding type declarations.
src/modules/tasks/dto/create-task.dto.ts(1,50): error TS2307: Cannot find module 'class-validator' or its corresponding type declarations.
src/modules/tasks/dto/update-task.dto.ts(1,46): error TS2307: Cannot find module 'class-validator' or its corresponding type declarations.
src/modules/tasks/tasks.controller.ts(3,26): error TS2307: Cannot find module 'class-validator' or its corresponding type declarations.
src/modules/tasks/tasks.controller.ts(4,33): error TS2307: Cannot find module 'class-transformer' or its corresponding type declarations.
src/modules/tasks/tasks.service.ts(7,22): error TS2307: Cannot find module 'typeorm' or its corresponding type declarations.
src/utils/logger.ts(1,21): error TS2307: Cannot find module 'winston' or its corresponding type declarations.
